============================= test session starts =============================
platform win32 -- Python 3.11.9, pytest-9.0.2, pluggy-1.6.0 -- C:\Program Files\Python311\python.exe
cachedir: .pytest_cache
hypothesis profile 'default'
rootdir: C:\alt001
plugins: anyio-4.10.0, dash-3.4.0, hypothesis-6.150.3, jaxtyping-0.3.9, langsmith-0.7.7, asyncio-1.3.0, cov-7.0.0, timeout-2.4.0, xdist-3.8.0, typeguard-4.5.1
asyncio: mode=Mode.STRICT, debug=False, asyncio_default_fixture_loop_scope=None, asyncio_default_test_loop_scope=function
collecting ... collected 1009 items / 8 errors

=================================== ERRORS ====================================
______________________ ERROR collecting test_output.txt _______________________
C:\Program Files\Python311\Lib\pathlib.py:1059: in read_text
    return f.read()
           ^^^^^^^^
<frozen codecs>:322: in decode
    ???
E   UnicodeDecodeError: 'utf-8' codec can't decode byte 0xff in position 0: invalid start byte
_____________ ERROR collecting tests/engine/asset/test_manager.py _____________
ImportError while importing test module 'C:\alt001\tests\engine\asset\test_manager.py'.
Hint: make sure your test modules/packages have valid Python names.
Traceback:
C:\Program Files\Python311\Lib\importlib\__init__.py:126: in import_module
    return _bootstrap._gcd_import(name[level:], package, level)
           ^^^^^^^^^^^^^^^^^^^^^^^^^^^^^^^^^^^^^^^^^^^^^^^^^^^^
tests\engine\asset\test_manager.py:11: in <module>
    from engine.subsystem import ISubsystem
E   ModuleNotFoundError: No module named 'engine.subsystem'; 'engine' is not a package
______________ ERROR collecting tests/engine/input/test_input.py ______________
ImportError while importing test module 'C:\alt001\tests\engine\input\test_input.py'.
Hint: make sure your test modules/packages have valid Python names.
Traceback:
C:\Program Files\Python311\Lib\importlib\__init__.py:126: in import_module
    return _bootstrap._gcd_import(name[level:], package, level)
           ^^^^^^^^^^^^^^^^^^^^^^^^^^^^^^^^^^^^^^^^^^^^^^^^^^^^
tests\engine\input\test_input.py:11: in <module>
    from engine.subsystem import ISubsystem
E   ModuleNotFoundError: No module named 'engine.subsystem'; 'engine' is not a package
____________ ERROR collecting tests/engine/physics/test_physics.py ____________
ImportError while importing test module 'C:\alt001\tests\engine\physics\test_physics.py'.
Hint: make sure your test modules/packages have valid Python names.
Traceback:
C:\Program Files\Python311\Lib\importlib\__init__.py:126: in import_module
    return _bootstrap._gcd_import(name[level:], package, level)
           ^^^^^^^^^^^^^^^^^^^^^^^^^^^^^^^^^^^^^^^^^^^^^^^^^^^^
tests\engine\physics\test_physics.py:11: in <module>
    from engine.subsystem import ISubsystem
E   ModuleNotFoundError: No module named 'engine.subsystem'; 'engine' is not a package
____________ ERROR collecting tests/engine/renderer/test_batch.py _____________
ImportError while importing test module 'C:\alt001\tests\engine\renderer\test_batch.py'.
Hint: make sure your test modules/packages have valid Python names.
Traceback:
C:\Program Files\Python311\Lib\importlib\__init__.py:126: in import_module
    return _bootstrap._gcd_import(name[level:], package, level)
           ^^^^^^^^^^^^^^^^^^^^^^^^^^^^^^^^^^^^^^^^^^^^^^^^^^^^
tests\engine\renderer\test_batch.py:4: in <module>
    from engine.renderer.texture import Texture
E   ModuleNotFoundError: No module named 'engine.renderer'; 'engine' is not a package
___________ ERROR collecting tests/engine/renderer/test_renderer.py ___________
ImportError while importing test module 'C:\alt001\tests\engine\renderer\test_renderer.py'.
Hint: make sure your test modules/packages have valid Python names.
Traceback:
C:\Program Files\Python311\Lib\importlib\__init__.py:126: in import_module
    return _bootstrap._gcd_import(name[level:], package, level)
           ^^^^^^^^^^^^^^^^^^^^^^^^^^^^^^^^^^^^^^^^^^^^^^^^^^^^
tests\engine\renderer\test_renderer.py:11: in <module>
    from engine.subsystem import ISubsystem
E   ModuleNotFoundError: No module named 'engine.subsystem'; 'engine' is not a package
_______ ERROR collecting tests/engine/renderer/test_renderer_sprite.py ________
ImportError while importing test module 'C:\alt001\tests\engine\renderer\test_renderer_sprite.py'.
Hint: make sure your test modules/packages have valid Python names.
Traceback:
C:\Program Files\Python311\Lib\importlib\__init__.py:126: in import_module
    return _bootstrap._gcd_import(name[level:], package, level)
           ^^^^^^^^^^^^^^^^^^^^^^^^^^^^^^^^^^^^^^^^^^^^^^^^^^^^
tests\engine\renderer\test_renderer_sprite.py:4: in <module>
    from engine.renderer.renderer import Renderer2D
E   ModuleNotFoundError: No module named 'engine.renderer'; 'engine' is not a package
_________ ERROR collecting tests/engine/renderer/test_spritesheet.py __________
ImportError while importing test module 'C:\alt001\tests\engine\renderer\test_spritesheet.py'.
Hint: make sure your test modules/packages have valid Python names.
Traceback:
C:\Program Files\Python311\Lib\importlib\__init__.py:126: in import_module
    return _bootstrap._gcd_import(name[level:], package, level)
           ^^^^^^^^^^^^^^^^^^^^^^^^^^^^^^^^^^^^^^^^^^^^^^^^^^^^
tests\engine\renderer\test_spritesheet.py:10: in <module>
    from engine.renderer.texture import Texture, UVRegion
E   ModuleNotFoundError: No module named 'engine.renderer'; 'engine' is not a package
=========================== short test summary info ===========================
ERROR test_output.txt - UnicodeDecodeError: 'utf-8' codec can't decode byte 0...
ERROR tests/engine/asset/test_manager.py
ERROR tests/engine/input/test_input.py
ERROR tests/engine/physics/test_physics.py
ERROR tests/engine/renderer/test_batch.py
ERROR tests/engine/renderer/test_renderer.py
ERROR tests/engine/renderer/test_renderer_sprite.py
ERROR tests/engine/renderer/test_spritesheet.py
!!!!!!!!!!!!!!!!!!! Interrupted: 8 errors during collection !!!!!!!!!!!!!!!!!!!
============================== 8 errors in 1.97s ==============================
